current directory: /home/agile/live_project/ian-ownoutdoorsc/ownoutdoorsc/vendor/bundle/ruby/2.6.0/gems/msgpack-1.1.0/ext/msgpack
/home/agile/.rbenv/versions/2.6.5/bin/ruby -I /home/agile/.rbenv/versions/2.6.5/lib/ruby/2.6.0 -r ./siteconf20260407-28693-1middci.rb extconf.rb
checking for ruby/st.h... yes
checking for st.h... yes
checking for rb_str_replace() in ruby.h... yes
checking for rb_intern_str() in ruby.h... yes
checking for rb_sym2str() in ruby.h... yes
checking for rb_str_intern() in ruby.h... yes
checking for rb_block_lambda() in ruby.h... yes
checking for rb_hash_dup() in ruby.h... yes
checking for rb_hash_clear() in ruby.h... yes
creating Makefile

current directory: /home/agile/live_project/ian-ownoutdoorsc/ownoutdoorsc/vendor/bundle/ruby/2.6.0/gems/msgpack-1.1.0/ext/msgpack
make "DESTDIR=" clean

current directory: /home/agile/live_project/ian-ownoutdoorsc/ownoutdoorsc/vendor/bundle/ruby/2.6.0/gems/msgpack-1.1.0/ext/msgpack
make "DESTDIR="
compiling buffer.c
compiling buffer_class.c
compiling core_ext.c
core_ext.c:86:14: warning: ‘Bignum_to_msgpack’ defined but not used [-Wunused-function]
   86 | static VALUE Bignum_to_msgpack(int argc, VALUE* argv, VALUE self)
      |              ^~~~~~~~~~~~~~~~~
core_ext.c:79:14: warning: ‘Fixnum_to_msgpack’ defined but not used [-Wunused-function]
   79 | static VALUE Fixnum_to_msgpack(int argc, VALUE* argv, VALUE self)
      |              ^~~~~~~~~~~~~~~~~
cc1: note: unrecognized command-line option ‘-Wno-self-assign’ may have been intended to silence earlier diagnostics
cc1: note: unrecognized command-line option ‘-Wno-parentheses-equality’ may have been intended to silence earlier diagnostics
cc1: note: unrecognized command-line option ‘-Wno-constant-logical-operand’ may have been intended to silence earlier diagnostics
compiling extension_value_class.c
compiling factory_class.c
compiling packer.c
compiling packer_class.c
compiling packer_ext_registry.c
compiling rbinit.c
compiling rmem.c
compiling unpacker.c
compiling unpacker_class.c
unpacker_class.c:220:14: warning: ‘Unpacker_peek_next_type’ defined but not used [-Wunused-function]
  220 | static VALUE Unpacker_peek_next_type(VALUE self)
      |              ^~~~~~~~~~~~~~~~~~~~~~~
cc1: note: unrecognized command-line option ‘-Wno-self-assign’ may have been intended to silence earlier diagnostics
cc1: note: unrecognized command-line option ‘-Wno-parentheses-equality’ may have been intended to silence earlier diagnostics
cc1: note: unrecognized command-line option ‘-Wno-constant-logical-operand’ may have been intended to silence earlier diagnostics
compiling unpacker_ext_registry.c
linking shared-object msgpack/msgpack.so

current directory: /home/agile/live_project/ian-ownoutdoorsc/ownoutdoorsc/vendor/bundle/ruby/2.6.0/gems/msgpack-1.1.0/ext/msgpack
make "DESTDIR=" install
/usr/bin/install -c -m 0755 msgpack.so ./.gem.20260407-28693-1jl9xz6/msgpack
